
Map of Debug\05_ds18b20.sm8 from link file Debug\05_ds18b20.lkf - Mon Mar 30 02:08:29 2015


                               --------
                               Segments
                               --------

start 00008080 end 00008080 length     0 segment .const
start 00008089 end 000082c7 length   574 segment .text
start 00004000 end 00004000 length     0 segment .eeprom
start 00000000 end 00000001 length     1 segment .bsct, initialized
start 00008088 end 00008089 length     1 segment .bsct, from
start 00000001 end 00000010 length    15 segment .ubsct
start 00000010 end 00000010 length     0 segment .bit
start 00000010 end 00000010 length     0 segment .share
start 00000100 end 00000100 length     0 segment .data
start 00000100 end 00000100 length     0 segment .bss
start 00000000 end 0000044a length  1098 segment .info.
start 00000000 end 00002652 length  9810 segment .debug
start 00008000 end 00008080 length   128 segment .const
start 00008080 end 00008088 length     8 segment .init


                               -------
                               Modules
                               -------

D:\STVisualDevelop\COSMIC\CXSTM8_32K\Lib\crtsi0.sm8:
start 00008089 end 000080d9 length    80 section .text
start 00000100 end 00000100 length     0 section .bss
start 00000001 end 00000001 length     0 section .ubsct
start 00000000 end 0000002f length    47 section .info.

Debug\delay.o:
start ******** end ******** length     0 section .text *** removed ***
start 00000000 end 0000012d length   301 section .debug
start 0000002f end 0000009e length   111 section .info.

Debug\main.o:
start 000080d9 end 00008214 length   315 section .text
start 00000000 end 00000001 length     1 section .bsct
start 00000001 end 0000000a length     9 section .ubsct
start 0000012d end 0000046e length   833 section .debug
start 0000009e end 0000010c length   110 section .info.

Debug\stm8s_clk.o:
start ******** end ******** length     0 section .text *** removed ***
start 0000046e end 00001add length  5743 section .debug
start 0000010c end 0000017f length   115 section .info.
start ******** end ******** length     0 section .const *** removed ***

Debug\stm8s_gpio.o:
start 00008214 end 000082c6 length   178 section .text
start 00001add end 000024e7 length  2570 section .debug
start 0000017f end 000001f3 length   116 section .info.

(D:\STVisualDevelop\COSMIC\CXSTM8_32K\Lib\libm0.sm8)lreg.o:
start ******** end ******** length     0 section .ubsct *** removed ***
start 000001f3 end 00000221 length    46 section .info.

(D:\STVisualDevelop\COSMIC\CXSTM8_32K\Lib\libm0.sm8)ltor.o:
start ******** end ******** length     0 section .text *** removed ***
start 00000221 end 0000024f length    46 section .info.

(D:\STVisualDevelop\COSMIC\CXSTM8_32K\Lib\libm0.sm8)ludiv.o:
start ******** end ******** length     0 section .text *** removed ***
start 0000024f end 0000027e length    47 section .info.

(D:\STVisualDevelop\COSMIC\CXSTM8_32K\Lib\libm0.sm8)ldiv.o:
start ******** end ******** length     0 section .text *** removed ***
start 0000027e end 000002ac length    46 section .info.

(D:\STVisualDevelop\COSMIC\CXSTM8_32K\Lib\libm0.sm8)lgneg.o:
start ******** end ******** length     0 section .text *** removed ***
start 000002ac end 000002db length    47 section .info.

(D:\STVisualDevelop\COSMIC\CXSTM8_32K\Lib\libm0.sm8)lneg.o:
start ******** end ******** length     0 section .text *** removed ***
start 000002db end 00000309 length    46 section .info.

(D:\STVisualDevelop\COSMIC\CXSTM8_32K\Lib\libm0.sm8)rtol.o:
start ******** end ******** length     0 section .text *** removed ***
start 00000309 end 00000337 length    46 section .info.

(D:\STVisualDevelop\COSMIC\CXSTM8_32K\Lib\libm0.sm8)xreg.o:
start 0000000a end 0000000d length     3 section .ubsct
start 00000337 end 00000365 length    46 section .info.

(D:\STVisualDevelop\COSMIC\CXSTM8_32K\Lib\libm0.sm8)yreg.o:
start 0000000d end 00000010 length     3 section .ubsct
start 00000365 end 00000393 length    46 section .info.

Debug\stm8_interrupt_vector.o:
start 000082c6 end 000082c7 length     1 section .text
start 000024e7 end 00002652 length   363 section .debug
start 00000393 end 00000412 length   127 section .info.
start 00008000 end 00008080 length   128 section .const


                             -----------
                             Stack usage
                             -----------

Debug\main.o:
_READ_BYTE                       4   (4)
_READ_ID                        10   (6)
_RESET_PULSE                     4   (4)
_WRITE_BYTE                      4   (4)
_main                       >   14   (2)
_pause                           4   (4)
_setup                          12   (2)

Debug\stm8_interrupt_vector.o:
f_NonHandledInterrupt       >    6   (6)

Debug\stm8s_gpio.o:
_GPIO_DeInit                >    2   (2)
_GPIO_ExternalPullUpConfig  >    6   (6)
_GPIO_Init                       6   (6)
_GPIO_ReadInputData         >    2   (2)
_GPIO_ReadInputPin          >    5   (5)
_GPIO_ReadOutputData        >    2   (2)
_GPIO_Write                 >    5   (5)
_GPIO_WriteHigh                  5   (5)
_GPIO_WriteLow                   5   (5)
_GPIO_WriteReverse          >    5   (5)

Stack size: 20


                              ---------
                              Call tree
                              ---------
   1 > _GPIO_DeInit: (2)

   2 > _GPIO_ExternalPullUpConfig: (6)

   3 > _GPIO_ReadInputData: (2)

   4 > _GPIO_ReadInputPin: (5)

   5 > _GPIO_ReadOutputData: (2)

   6 > _GPIO_Write: (5)

   7 > _GPIO_WriteReverse: (5)

   8 > __stext: (0)

   9 > _main: (2)
  10      + _GPIO_WriteHigh: (5)
  11      + _GPIO_WriteLow: (5)
  12      + _pause: (4)
  13      + _setup: (2)
  14      |    + _GPIO_Init: (6)
  15      |    + _READ_ID: (6)
  16      |    |    + _READ_BYTE: (4)
  17      |    |    + _RESET_PULSE: (4)
  18      |    |    + _WRITE_BYTE: (4)
          |    | 
  19      |    + _RESET_PULSE --> 17
          | 
       
  20 > f_NonHandledInterrupt: (6)

  21   _GPIO_Init --> 14

  22   _GPIO_WriteHigh --> 10

  23   _GPIO_WriteLow --> 11

  24   _READ_BYTE --> 16

  25   _READ_ID --> 15

  26   _RESET_PULSE --> 17

  27   _WRITE_BYTE --> 18

  28   _pause --> 12

  29   _setup --> 13



                               -------
                               Symbols
                               -------

_CLKPrescTable                   ********   *** removed from Debug\stm8s_clk.o ***
_CLK_AdjustHSICalibrationValue   ********   *** removed from Debug\stm8s_clk.o ***
_CLK_CCOCmd                      ********   *** removed from Debug\stm8s_clk.o ***
_CLK_CCOConfig                   ********   *** removed from Debug\stm8s_clk.o ***
_CLK_ClearITPendingBit           ********   *** removed from Debug\stm8s_clk.o ***
_CLK_ClockSecuritySystemEnable   ********   *** removed from Debug\stm8s_clk.o ***
_CLK_ClockSwitchCmd              ********   *** removed from Debug\stm8s_clk.o ***
_CLK_ClockSwitchConfig           ********   *** removed from Debug\stm8s_clk.o ***
_CLK_DeInit                      ********   *** removed from Debug\stm8s_clk.o ***
_CLK_FastHaltWakeUpCmd           ********   *** removed from Debug\stm8s_clk.o ***
_CLK_GetClockFreq                ********   *** removed from Debug\stm8s_clk.o ***
_CLK_GetFlagStatus               ********   *** removed from Debug\stm8s_clk.o ***
_CLK_GetITStatus                 ********   *** removed from Debug\stm8s_clk.o ***
_CLK_GetSYSCLKSource             ********   *** removed from Debug\stm8s_clk.o ***
_CLK_HSECmd                      ********   *** removed from Debug\stm8s_clk.o ***
_CLK_HSICmd                      ********   *** removed from Debug\stm8s_clk.o ***
_CLK_HSIPrescalerConfig          ********   *** removed from Debug\stm8s_clk.o ***
_CLK_ITConfig                    ********   *** removed from Debug\stm8s_clk.o ***
_CLK_LSICmd                      ********   *** removed from Debug\stm8s_clk.o ***
_CLK_PeripheralClockConfig       ********   *** removed from Debug\stm8s_clk.o ***
_CLK_SWIMConfig                  ********   *** removed from Debug\stm8s_clk.o ***
_CLK_SYSCLKConfig                ********   *** removed from Debug\stm8s_clk.o ***
_CLK_SYSCLKEmergencyClear        ********   *** removed from Debug\stm8s_clk.o ***
_CLK_SlowActiveHaltWakeUpCmd     ********   *** removed from Debug\stm8s_clk.o ***
_GPIO_DeInit                     00008214   defined in Debug\stm8s_gpio.o section .text
_GPIO_ExternalPullUpConfig       000082ae   defined in Debug\stm8s_gpio.o section .text
_GPIO_Init                       0000821c   defined in Debug\stm8s_gpio.o section .text
                                            used in Debug\main.o
_GPIO_ReadInputData              000082a4   defined in Debug\stm8s_gpio.o section .text
_GPIO_ReadInputPin               000082a7   defined in Debug\stm8s_gpio.o section .text
_GPIO_ReadOutputData             000082a2   defined in Debug\stm8s_gpio.o section .text
_GPIO_Write                      00008284   defined in Debug\stm8s_gpio.o section .text
_GPIO_WriteHigh                  0000828c   defined in Debug\stm8s_gpio.o section .text
                                            used in Debug\main.o
_GPIO_WriteLow                   00008293   defined in Debug\stm8s_gpio.o section .text
                                            used in Debug\main.o
_GPIO_WriteReverse               0000829b   defined in Debug\stm8s_gpio.o section .text
_HSIDivFactor                    ********   *** removed from Debug\stm8s_clk.o ***
_READ_BYTE                       00008157   defined in Debug\main.o section .text
_READ_ID                         00008194   defined in Debug\main.o section .text
_RESET_PULSE                     000080d9   defined in Debug\main.o section .text
_ROM_ID                          00000002   defined in Debug\main.o section .ubsct
_WRITE_BYTE                      00008113   defined in Debug\main.o section .text
__endmem                         000005ff   defined in command file
                                            *** not used ***
__endzp                          00000010   defined in command file section .ubsct
                                            used in D:\STVisualDevelop\COSMIC\CXSTM8_32K\Lib\crtsi0.sm8
__idesc__                        00008080   defined in linker section .init
                                            used in D:\STVisualDevelop\COSMIC\CXSTM8_32K\Lib\crtsi0.sm8
__memory                         00000100   defined in command file section .bss
                                            used in D:\STVisualDevelop\COSMIC\CXSTM8_32K\Lib\crtsi0.sm8
__stack                          000007ff   defined in command file
                                            used in D:\STVisualDevelop\COSMIC\CXSTM8_32K\Lib\crtsi0.sm8
__startmem                       00000100   defined in command file section .bss
                                            *** not used ***
__stext                          00008089   defined in D:\STVisualDevelop\COSMIC\CXSTM8_32K\Lib\crtsi0.sm8 section .text
                                            used in Debug\stm8_interrupt_vector.o
__vectab                         00008000   defined in Debug\stm8_interrupt_vector.o section .const
_check                           00000000   defined in Debug\main.o section .bsct, initialized
_delay_10us                      ********   *** removed from Debug\delay.o ***
_delay_ms                        ********   *** removed from Debug\delay.o ***
_exit                            000080d7   defined in D:\STVisualDevelop\COSMIC\CXSTM8_32K\Lib\crtsi0.sm8 section .text
_main                            000081fa   defined in Debug\main.o section .text
                                            used in D:\STVisualDevelop\COSMIC\CXSTM8_32K\Lib\crtsi0.sm8
_pause                           000081c2   defined in Debug\main.o section .text
_setup                           000081d7   defined in Debug\main.o section .text
_sukces                          00000001   defined in Debug\main.o section .ubsct
c_divsl                          ********   *** removed from (D:\STVisualDevelop\COSMIC\CXSTM8_32K\Lib\libm0.sm8)ldiv.o ***
c_divul                          ********   *** removed from (D:\STVisualDevelop\COSMIC\CXSTM8_32K\Lib\libm0.sm8)ldiv.o ***
c_lgneg                          ********   *** removed from (D:\STVisualDevelop\COSMIC\CXSTM8_32K\Lib\libm0.sm8)lgneg.o ***
c_lneg                           ********   *** removed from (D:\STVisualDevelop\COSMIC\CXSTM8_32K\Lib\libm0.sm8)lneg.o ***
c_lreg                           ********   *** removed from (D:\STVisualDevelop\COSMIC\CXSTM8_32K\Lib\libm0.sm8)lreg.o ***
c_ltor                           ********   *** removed from (D:\STVisualDevelop\COSMIC\CXSTM8_32K\Lib\libm0.sm8)ltor.o ***
c_ludv                           ********   *** removed from (D:\STVisualDevelop\COSMIC\CXSTM8_32K\Lib\libm0.sm8)ludiv.o ***
c_rtol                           ********   *** removed from (D:\STVisualDevelop\COSMIC\CXSTM8_32K\Lib\libm0.sm8)rtol.o ***
c_x                              0000000a   defined in (D:\STVisualDevelop\COSMIC\CXSTM8_32K\Lib\libm0.sm8)xreg.o section .ubsct
                                            used in D:\STVisualDevelop\COSMIC\CXSTM8_32K\Lib\crtsi0.sm8
                                                    (D:\STVisualDevelop\COSMIC\CXSTM8_32K\Lib\libm0.sm8)ldiv.o
c_y                              0000000d   defined in (D:\STVisualDevelop\COSMIC\CXSTM8_32K\Lib\libm0.sm8)yreg.o section .ubsct
                                            used in D:\STVisualDevelop\COSMIC\CXSTM8_32K\Lib\crtsi0.sm8
f_NonHandledInterrupt            000082c6   defined in Debug\stm8_interrupt_vector.o section .text
